22.09.2018 11:13:14: Error [line: 0 dje_z7ENKV5CSU7Y4M8RFWFB5E_ejd -> #=zbOTwCBIDXfNp9RcyFA==()]: Log exception -> Message: Referencia a objeto no establecida como instancia de un objeto.
StackTrace:    en V.#=zV_sqYKrdayg3Frrwi3gBQlccR_1w.#=zek8O9CQ=()
   en V.dje_zRE6JASN3FSLE6RYF2E6Y5_ejd.#=zhW5iOW5EpzNL(Object #=zoNCVEi4=, RoutedEventArgs #=zie9LAnI=)
   en System.Windows.RoutedEventHandlerInfo.InvokeHandler(Object target, RoutedEventArgs routedEventArgs)
   en System.Windows.EventRoute.InvokeHandlersImpl(Object source, RoutedEventArgs args, Boolean reRaised)
   en System.Windows.UIElement.RaiseEventImpl(DependencyObject sender, RoutedEventArgs args)
   en System.Windows.UIElement.RaiseEvent(RoutedEventArgs e)
   en System.Windows.Controls.Primitives.ButtonBase.OnClick()
   en System.Windows.Controls.Button.OnClick()
   en System.Windows.Controls.Primitives.ButtonBase.OnMouseLeftButtonUp(MouseButtonEventArgs e)
   en System.Windows.UIElement.OnMouseLeftButtonUpThunk(Object sender, MouseButtonEventArgs e)
   en System.Windows.Input.MouseButtonEventArgs.InvokeEventHandler(Delegate genericHandler, Object genericTarget)
   en System.Windows.RoutedEventArgs.InvokeHandler(Delegate handler, Object target)
   en System.Windows.RoutedEventHandlerInfo.InvokeHandler(Object target, RoutedEventArgs routedEventArgs)
   en System.Windows.EventRoute.InvokeHandlersImpl(Object source, RoutedEventArgs args, Boolean reRaised)
   en System.Windows.UIElement.ReRaiseEventAs(DependencyObject sender, RoutedEventArgs args, RoutedEvent newEvent)
   en System.Windows.UIElement.OnMouseUpThunk(Object sender, MouseButtonEventArgs e)
   en System.Windows.Input.MouseButtonEventArgs.InvokeEventHandler(Delegate genericHandler, Object genericTarget)
   en System.Windows.RoutedEventArgs.InvokeHandler(Delegate handler, Object target)
   en System.Windows.RoutedEventHandlerInfo.InvokeHandler(Object target, RoutedEventArgs routedEventArgs)
   en System.Windows.EventRoute.InvokeHandlersImpl(Object source, RoutedEventArgs args, Boolean reRaised)
   en System.Windows.UIElement.RaiseEventImpl(DependencyObject sender, RoutedEventArgs args)
   en System.Windows.UIElement.RaiseTrustedEvent(RoutedEventArgs args)
   en System.Windows.Input.InputManager.ProcessStagingArea()
   en System.Windows.Input.InputManager.ProcessInput(InputEventArgs input)
   en System.Windows.Input.InputProviderSite.ReportInput(InputReport inputReport)
   en System.Windows.Interop.HwndMouseInputProvider.ReportInput(IntPtr hwnd, InputMode mode, Int32 timestamp, RawMouseActions actions, Int32 x, Int32 y, Int32 wheel)
   en System.Windows.Interop.HwndMouseInputProvider.FilterMessage(IntPtr hwnd, WindowMessage msg, IntPtr wParam, IntPtr lParam, Boolean& handled)
   en System.Windows.Interop.HwndSource.InputFilterMessage(IntPtr hwnd, Int32 msg, IntPtr wParam, IntPtr lParam, Boolean& handled)
   en MS.Win32.HwndWrapper.WndProc(IntPtr hwnd, Int32 msg, IntPtr wParam, IntPtr lParam, Boolean& handled)
   en MS.Win32.HwndSubclass.DispatcherCallbackOperation(Object o)
   en System.Windows.Threading.ExceptionWrapper.InternalRealCall(Delegate callback, Object args, Int32 numArgs)
   en System.Windows.Threading.ExceptionWrapper.TryCatchWhen(Object source, Delegate callback, Object args, Int32 numArgs, Delegate catchHandler)
22.09.2018 11:13:30: Error [line: 0 dje_z7ENKV5CSU7Y4M8RFWFB5E_ejd -> #=zbOTwCBIDXfNp9RcyFA==()]: Log exception -> Message: Referencia a objeto no establecida como instancia de un objeto.
StackTrace:    en V.#=zV_sqYKrdayg3Frrwi3gBQlccR_1w.#=zek8O9CQ=()
   en V.dje_zRE6JASN3FSLE6RYF2E6Y5_ejd.#=zhW5iOW5EpzNL(Object #=zoNCVEi4=, RoutedEventArgs #=zie9LAnI=)
   en System.Windows.RoutedEventHandlerInfo.InvokeHandler(Object target, RoutedEventArgs routedEventArgs)
   en System.Windows.EventRoute.InvokeHandlersImpl(Object source, RoutedEventArgs args, Boolean reRaised)
   en System.Windows.UIElement.RaiseEventImpl(DependencyObject sender, RoutedEventArgs args)
   en System.Windows.UIElement.RaiseEvent(RoutedEventArgs e)
   en System.Windows.Controls.Primitives.ButtonBase.OnClick()
   en System.Windows.Controls.Button.OnClick()
   en System.Windows.Controls.Primitives.ButtonBase.OnMouseLeftButtonUp(MouseButtonEventArgs e)
   en System.Windows.UIElement.OnMouseLeftButtonUpThunk(Object sender, MouseButtonEventArgs e)
   en System.Windows.Input.MouseButtonEventArgs.InvokeEventHandler(Delegate genericHandler, Object genericTarget)
   en System.Windows.RoutedEventArgs.InvokeHandler(Delegate handler, Object target)
   en System.Windows.RoutedEventHandlerInfo.InvokeHandler(Object target, RoutedEventArgs routedEventArgs)
   en System.Windows.EventRoute.InvokeHandlersImpl(Object source, RoutedEventArgs args, Boolean reRaised)
   en System.Windows.UIElement.ReRaiseEventAs(DependencyObject sender, RoutedEventArgs args, RoutedEvent newEvent)
   en System.Windows.UIElement.OnMouseUpThunk(Object sender, MouseButtonEventArgs e)
   en System.Windows.Input.MouseButtonEventArgs.InvokeEventHandler(Delegate genericHandler, Object genericTarget)
   en System.Windows.RoutedEventArgs.InvokeHandler(Delegate handler, Object target)
   en System.Windows.RoutedEventHandlerInfo.InvokeHandler(Object target, RoutedEventArgs routedEventArgs)
   en System.Windows.EventRoute.InvokeHandlersImpl(Object source, RoutedEventArgs args, Boolean reRaised)
   en System.Windows.UIElement.RaiseEventImpl(DependencyObject sender, RoutedEventArgs args)
   en System.Windows.UIElement.RaiseTrustedEvent(RoutedEventArgs args)
   en System.Windows.Input.InputManager.ProcessStagingArea()
   en System.Windows.Input.InputManager.ProcessInput(InputEventArgs input)
   en System.Windows.Input.InputProviderSite.ReportInput(InputReport inputReport)
   en System.Windows.Interop.HwndMouseInputProvider.ReportInput(IntPtr hwnd, InputMode mode, Int32 timestamp, RawMouseActions actions, Int32 x, Int32 y, Int32 wheel)
   en System.Windows.Interop.HwndMouseInputProvider.FilterMessage(IntPtr hwnd, WindowMessage msg, IntPtr wParam, IntPtr lParam, Boolean& handled)
   en System.Windows.Interop.HwndSource.InputFilterMessage(IntPtr hwnd, Int32 msg, IntPtr wParam, IntPtr lParam, Boolean& handled)
   en MS.Win32.HwndWrapper.WndProc(IntPtr hwnd, Int32 msg, IntPtr wParam, IntPtr lParam, Boolean& handled)
   en MS.Win32.HwndSubclass.DispatcherCallbackOperation(Object o)
   en System.Windows.Threading.ExceptionWrapper.InternalRealCall(Delegate callback, Object args, Int32 numArgs)
   en System.Windows.Threading.ExceptionWrapper.TryCatchWhen(Object source, Delegate callback, Object args, Int32 numArgs, Delegate catchHandler)
22.09.2018 11:13:30: Error [line: 0 dje_z7ENKV5CSU7Y4M8RFWFB5E_ejd -> #=zbOTwCBIDXfNp9RcyFA==()]: Log exception -> Message: Referencia a objeto no establecida como instancia de un objeto.
StackTrace:    en V.#=zV_sqYKrdayg3Frrwi3gBQlccR_1w.#=zek8O9CQ=()
   en V.dje_zRE6JASN3FSLE6RYF2E6Y5_ejd.#=zhW5iOW5EpzNL(Object #=zoNCVEi4=, RoutedEventArgs #=zie9LAnI=)
   en System.Windows.RoutedEventHandlerInfo.InvokeHandler(Object target, RoutedEventArgs routedEventArgs)
   en System.Windows.EventRoute.InvokeHandlersImpl(Object source, RoutedEventArgs args, Boolean reRaised)
   en System.Windows.UIElement.RaiseEventImpl(DependencyObject sender, RoutedEventArgs args)
   en System.Windows.UIElement.RaiseEvent(RoutedEventArgs e)
   en System.Windows.Controls.Primitives.ButtonBase.OnClick()
   en System.Windows.Controls.Button.OnClick()
   en System.Windows.Controls.Primitives.ButtonBase.OnMouseLeftButtonUp(MouseButtonEventArgs e)
   en System.Windows.UIElement.OnMouseLeftButtonUpThunk(Object sender, MouseButtonEventArgs e)
   en System.Windows.Input.MouseButtonEventArgs.InvokeEventHandler(Delegate genericHandler, Object genericTarget)
   en System.Windows.RoutedEventArgs.InvokeHandler(Delegate handler, Object target)
   en System.Windows.RoutedEventHandlerInfo.InvokeHandler(Object target, RoutedEventArgs routedEventArgs)
   en System.Windows.EventRoute.InvokeHandlersImpl(Object source, RoutedEventArgs args, Boolean reRaised)
   en System.Windows.UIElement.ReRaiseEventAs(DependencyObject sender, RoutedEventArgs args, RoutedEvent newEvent)
   en System.Windows.UIElement.OnMouseUpThunk(Object sender, MouseButtonEventArgs e)
   en System.Windows.Input.MouseButtonEventArgs.InvokeEventHandler(Delegate genericHandler, Object genericTarget)
   en System.Windows.RoutedEventArgs.InvokeHandler(Delegate handler, Object target)
   en System.Windows.RoutedEventHandlerInfo.InvokeHandler(Object target, RoutedEventArgs routedEventArgs)
   en System.Windows.EventRoute.InvokeHandlersImpl(Object source, RoutedEventArgs args, Boolean reRaised)
   en System.Windows.UIElement.RaiseEventImpl(DependencyObject sender, RoutedEventArgs args)
   en System.Windows.UIElement.RaiseTrustedEvent(RoutedEventArgs args)
   en System.Windows.Input.InputManager.ProcessStagingArea()
   en System.Windows.Input.InputManager.ProcessInput(InputEventArgs input)
   en System.Windows.Input.InputProviderSite.ReportInput(InputReport inputReport)
   en System.Windows.Interop.HwndMouseInputProvider.ReportInput(IntPtr hwnd, InputMode mode, Int32 timestamp, RawMouseActions actions, Int32 x, Int32 y, Int32 wheel)
   en System.Windows.Interop.HwndMouseInputProvider.FilterMessage(IntPtr hwnd, WindowMessage msg, IntPtr wParam, IntPtr lParam, Boolean& handled)
   en System.Windows.Interop.HwndSource.InputFilterMessage(IntPtr hwnd, Int32 msg, IntPtr wParam, IntPtr lParam, Boolean& handled)
   en MS.Win32.HwndWrapper.WndProc(IntPtr hwnd, Int32 msg, IntPtr wParam, IntPtr lParam, Boolean& handled)
   en MS.Win32.HwndSubclass.DispatcherCallbackOperation(Object o)
   en System.Windows.Threading.ExceptionWrapper.InternalRealCall(Delegate callback, Object args, Int32 numArgs)
   en System.Windows.Threading.ExceptionWrapper.TryCatchWhen(Object source, Delegate callback, Object args, Int32 numArgs, Delegate catchHandler)
22.09.2018 11:13:51: Error [line: 0 dje_z7ENKV5CSU7Y4M8RFWFB5E_ejd -> #=zbOTwCBIDXfNp9RcyFA==()]: Log exception -> Message: Referencia a objeto no establecida como instancia de un objeto.
StackTrace:    en V.#=zV_sqYKrdayg3Frrwi3gBQlccR_1w.#=zek8O9CQ=()
   en V.dje_zRE6JASN3FSLE6RYF2E6Y5_ejd.#=zhW5iOW5EpzNL(Object #=zoNCVEi4=, RoutedEventArgs #=zie9LAnI=)
   en System.Windows.RoutedEventHandlerInfo.InvokeHandler(Object target, RoutedEventArgs routedEventArgs)
   en System.Windows.EventRoute.InvokeHandlersImpl(Object source, RoutedEventArgs args, Boolean reRaised)
   en System.Windows.UIElement.RaiseEventImpl(DependencyObject sender, RoutedEventArgs args)
   en System.Windows.UIElement.RaiseEvent(RoutedEventArgs e)
   en System.Windows.Controls.Primitives.ButtonBase.OnClick()
   en System.Windows.Controls.Button.OnClick()
   en System.Windows.Controls.Primitives.ButtonBase.OnMouseLeftButtonUp(MouseButtonEventArgs e)
   en System.Windows.UIElement.OnMouseLeftButtonUpThunk(Object sender, MouseButtonEventArgs e)
   en System.Windows.Input.MouseButtonEventArgs.InvokeEventHandler(Delegate genericHandler, Object genericTarget)
   en System.Windows.RoutedEventArgs.InvokeHandler(Delegate handler, Object target)
   en System.Windows.RoutedEventHandlerInfo.InvokeHandler(Object target, RoutedEventArgs routedEventArgs)
   en System.Windows.EventRoute.InvokeHandlersImpl(Object source, RoutedEventArgs args, Boolean reRaised)
   en System.Windows.UIElement.ReRaiseEventAs(DependencyObject sender, RoutedEventArgs args, RoutedEvent newEvent)
   en System.Windows.UIElement.OnMouseUpThunk(Object sender, MouseButtonEventArgs e)
   en System.Windows.Input.MouseButtonEventArgs.InvokeEventHandler(Delegate genericHandler, Object genericTarget)
   en System.Windows.RoutedEventArgs.InvokeHandler(Delegate handler, Object target)
   en System.Windows.RoutedEventHandlerInfo.InvokeHandler(Object target, RoutedEventArgs routedEventArgs)
   en System.Windows.EventRoute.InvokeHandlersImpl(Object source, RoutedEventArgs args, Boolean reRaised)
   en System.Windows.UIElement.RaiseEventImpl(DependencyObject sender, RoutedEventArgs args)
   en System.Windows.UIElement.RaiseTrustedEvent(RoutedEventArgs args)
   en System.Windows.Input.InputManager.ProcessStagingArea()
   en System.Windows.Input.InputManager.ProcessInput(InputEventArgs input)
   en System.Windows.Input.InputProviderSite.ReportInput(InputReport inputReport)
   en System.Windows.Interop.HwndMouseInputProvider.ReportInput(IntPtr hwnd, InputMode mode, Int32 timestamp, RawMouseActions actions, Int32 x, Int32 y, Int32 wheel)
   en System.Windows.Interop.HwndMouseInputProvider.FilterMessage(IntPtr hwnd, WindowMessage msg, IntPtr wParam, IntPtr lParam, Boolean& handled)
   en System.Windows.Interop.HwndSource.InputFilterMessage(IntPtr hwnd, Int32 msg, IntPtr wParam, IntPtr lParam, Boolean& handled)
   en MS.Win32.HwndWrapper.WndProc(IntPtr hwnd, Int32 msg, IntPtr wParam, IntPtr lParam, Boolean& handled)
   en MS.Win32.HwndSubclass.DispatcherCallbackOperation(Object o)
   en System.Windows.Threading.ExceptionWrapper.InternalRealCall(Delegate callback, Object args, Int32 numArgs)
   en System.Windows.Threading.ExceptionWrapper.TryCatchWhen(Object source, Delegate callback, Object args, Int32 numArgs, Delegate catchHandler)
22.09.2018 11:13:51: Error [line: 0 dje_z7ENKV5CSU7Y4M8RFWFB5E_ejd -> #=zbOTwCBIDXfNp9RcyFA==()]: Log exception -> Message: Referencia a objeto no establecida como instancia de un objeto.
StackTrace:    en V.#=zV_sqYKrdayg3Frrwi3gBQlccR_1w.#=zek8O9CQ=()
   en V.dje_zRE6JASN3FSLE6RYF2E6Y5_ejd.#=zhW5iOW5EpzNL(Object #=zoNCVEi4=, RoutedEventArgs #=zie9LAnI=)
   en System.Windows.RoutedEventHandlerInfo.InvokeHandler(Object target, RoutedEventArgs routedEventArgs)
   en System.Windows.EventRoute.InvokeHandlersImpl(Object source, RoutedEventArgs args, Boolean reRaised)
   en System.Windows.UIElement.RaiseEventImpl(DependencyObject sender, RoutedEventArgs args)
   en System.Windows.UIElement.RaiseEvent(RoutedEventArgs e)
   en System.Windows.Controls.Primitives.ButtonBase.OnClick()
   en System.Windows.Controls.Button.OnClick()
   en System.Windows.Controls.Primitives.ButtonBase.OnMouseLeftButtonUp(MouseButtonEventArgs e)
   en System.Windows.UIElement.OnMouseLeftButtonUpThunk(Object sender, MouseButtonEventArgs e)
   en System.Windows.Input.MouseButtonEventArgs.InvokeEventHandler(Delegate genericHandler, Object genericTarget)
   en System.Windows.RoutedEventArgs.InvokeHandler(Delegate handler, Object target)
   en System.Windows.RoutedEventHandlerInfo.InvokeHandler(Object target, RoutedEventArgs routedEventArgs)
   en System.Windows.EventRoute.InvokeHandlersImpl(Object source, RoutedEventArgs args, Boolean reRaised)
   en System.Windows.UIElement.ReRaiseEventAs(DependencyObject sender, RoutedEventArgs args, RoutedEvent newEvent)
   en System.Windows.UIElement.OnMouseUpThunk(Object sender, MouseButtonEventArgs e)
   en System.Windows.Input.MouseButtonEventArgs.InvokeEventHandler(Delegate genericHandler, Object genericTarget)
   en System.Windows.RoutedEventArgs.InvokeHandler(Delegate handler, Object target)
   en System.Windows.RoutedEventHandlerInfo.InvokeHandler(Object target, RoutedEventArgs routedEventArgs)
   en System.Windows.EventRoute.InvokeHandlersImpl(Object source, RoutedEventArgs args, Boolean reRaised)
   en System.Windows.UIElement.RaiseEventImpl(DependencyObject sender, RoutedEventArgs args)
   en System.Windows.UIElement.RaiseTrustedEvent(RoutedEventArgs args)
   en System.Windows.Input.InputManager.ProcessStagingArea()
   en System.Windows.Input.InputManager.ProcessInput(InputEventArgs input)
   en System.Windows.Input.InputProviderSite.ReportInput(InputReport inputReport)
   en System.Windows.Interop.HwndMouseInputProvider.ReportInput(IntPtr hwnd, InputMode mode, Int32 timestamp, RawMouseActions actions, Int32 x, Int32 y, Int32 wheel)
   en System.Windows.Interop.HwndMouseInputProvider.FilterMessage(IntPtr hwnd, WindowMessage msg, IntPtr wParam, IntPtr lParam, Boolean& handled)
   en System.Windows.Interop.HwndSource.InputFilterMessage(IntPtr hwnd, Int32 msg, IntPtr wParam, IntPtr lParam, Boolean& handled)
   en MS.Win32.HwndWrapper.WndProc(IntPtr hwnd, Int32 msg, IntPtr wParam, IntPtr lParam, Boolean& handled)
   en MS.Win32.HwndSubclass.DispatcherCallbackOperation(Object o)
   en System.Windows.Threading.ExceptionWrapper.InternalRealCall(Delegate callback, Object args, Int32 numArgs)
   en System.Windows.Threading.ExceptionWrapper.TryCatchWhen(Object source, Delegate callback, Object args, Int32 numArgs, Delegate catchHandler)
